Uncaught SyntaxError: Unexpected token 'export'
Context
popup.html
Stack Trace
dist/theme-init.js:19 (anonymous function)